[artonthehill.org.uk/index.html]
[backblue.gif]
[fade.gif]
[index.html]
[artonthehill.org.uk/favicon.ico]
[artonthehill.org.uk/Content/iCheck/square/green.css]
[artonthehill.org.uk/css/bootstrap-select.min.css]
[artonthehill.org.uk/css/unslider.css]
[artonthehill.org.uk/css/style.css]
[artonthehill.org.uk/media/1145/dsc01324.jpg]
[artonthehill.org.uk/workshops/index.html]
[artonthehill.org.uk/map/index.html]
[artonthehill.org.uk/artists-2019/index.html]
[artonthehill.org.uk/media/1146/dsc01363.jpg]
[artonthehill.org.uk/performers/index.html]
[artonthehill.org.uk/exhibitors-resources/index.html]
[artonthehill.org.uk/media/1147/dsc01372.jpg]
[artonthehill.org.uk/take-part/index.html]
[artonthehill.org.uk/join-mailing-list/index.html]
[artonthehill.org.uk/media/1148/dsc01416.jpg]
[artonthehill.org.uk/contact/index.html]
[artonthehill.org.uk/media/1149/dsc01456.jpg]
[artonthehill.org.uk/faq/index.html]
[artonthehill.org.uk/privacy-policy/index.html]
[artonthehill.org.uk/media/1151/dsc01510.jpg]
[artonthehill.org.uk/media/1152/dsc01541.jpg]
[artonthehill.org.uk/media/1153/sat-concert-barry5.jpg]
[artonthehill.org.uk/media/1428/aoth2018_poster.jpg]
[artonthehill.org.uk/js/jquery.min.js]
[artonthehill.org.uk/js/unslider-min.js]
[artonthehill.org.uk/js/bootstrap-select.min.js]
[artonthehill.org.uk/index.html]
[artonthehill.org.uk/Content/iCheck/square/green.png]
[artonthehill.org.uk/Content/iCheck/square/green@2x.png]
[artonthehill.org.uk/Content/iCheck/square/green.css]
[artonthehill.org.uk/css/bootstrap-select.min.css]
[artonthehill.org.uk/css/unslider.css]
[artonthehill.org.uk/css/Images/AOTH Website Header 2020.png]
[artonthehill.org.uk/css/style.css]
[artonthehill.org.uk/map/index.html]
[artonthehill.org.uk/venues-2019/windmill-hill-community-centre/index.html]
[artonthehill.org.uk/venues-2019/victoria-park-baptist-church/index.html]
[artonthehill.org.uk/venues-2019/victoria-park-pub/index.html]
[artonthehill.org.uk/venues-2019/victoria-park-primary-school/index.html]
[artonthehill.org.uk/venues-2019/st-mary-redcliffe-primary-school/index.html]
[artonthehill.org.uk/venues-2019/33-somerset-terrace/index.html]
[artonthehill.org.uk/media/1553/abigailvedygabrielb85f.png]
[artonthehill.org.uk/venues-2019/22-nutgrove-avenue/index.html]
[artonthehill.org.uk/venues-2019/33-gwilliam-street/index.html]
[artonthehill.org.uk/venues-2019/66-fraser-street/index.html]
[artonthehill.org.uk/venues-2019/8-park-avenue/index.html]
[artonthehill.org.uk/venues-2019/63-hill-avenue/index.html]
[artonthehill.org.uk/venues-2019/30-stanbury-road/index.html]
[artonthehill.org.uk/venues-2019/47-eldon-terrace/index.html]
[artonthehill.org.uk/venues-2019/42-brendon-road/index.html]
[artonthehill.org.uk/media/1539/alexmaxwell20190604_070829b897.jpg]
[artonthehill.org.uk/venues-2019/62-hill-avenue/index.html]
[artonthehill.org.uk/venues-2019/11-quantock-road/index.html]
[artonthehill.org.uk/venues-2019/64-quantock-road/index.html]
[artonthehill.org.uk/venues-2019/12-park-avenue/index.html]
[artonthehill.org.uk/venues-2019/28-vivian-street/index.html]
[artonthehill.org.uk/venues-2019/1-gwilliam-street/index.html]
[artonthehill.org.uk/venues-2019/8-mascot-road/index.html]
[artonthehill.org.uk/media/1467/alisonkjellstromb6a57b7b-38ae-4455-882f-37f8234663c6563f.jpg]
[artonthehill.org.uk/venues-2019/9-nutgrove-avenue/index.html]
[artonthehill.org.uk/venues-2019/6-holmesdale-road/index.html]
[artonthehill.org.uk/venues-2019/24-gwilliam-street/index.html]
[artonthehill.org.uk/venues-2019/14-fraser-street/index.html]
[artonthehill.org.uk/venues-2019/the-rising-sun-pub/index.html]
[artonthehill.org.uk/venues-2019/49-nutgrove-avenue/index.html]
[artonthehill.org.uk/venues-2019/13-cotswold-road/index.html]
[artonthehill.org.uk/media/1552/andrewbrookssound-installationdeb1.jpg]
[artonthehill.org.uk/venues-2019/37-nutgrove-avenue/index.html]
[artonthehill.org.uk/venues-2019/29-paultow-road/index.html]
[artonthehill.org.uk/venues-2019/28-quantock-road/index.html]
[artonthehill.org.uk/venues-2019/15-quantock-road/index.html]
[artonthehill.org.uk/venues-2019/49-quantock-road/index.html]
[artonthehill.org.uk/venues-2019/18-eldon-terrace/index.html]
[artonthehill.org.uk/venues-2019/26-almorah-road/index.html]
[artonthehill.org.uk/media/1462/annafindlay20160923_170644-1-2-1d0a4.jpg]
[artonthehill.org.uk/venues-2019/15-addison-road/index.html]
[artonthehill.org.uk/venues-2019/58-raymend-road/index.html]
[artonthehill.org.uk/venues-2019/39-gwilliam-street/index.html]
[artonthehill.org.uk/venues-2019/3-paultow-avenue/index.html]
[artonthehill.org.uk/venues-2019/25-cotswold-road-north/index.html]
[artonthehill.org.uk/venues-2019/st-michael-and-all-angels-church/index.html]
[artonthehill.org.uk/venues-2019/victoria-park-near-kids-playpark/index.html]
[artonthehill.org.uk/media/1534/annaharleyf4c435e9-811a-4527-b583-1354e7cd1dba88ce.jpg]
[artonthehill.org.uk/artists-2019/abigail-vedoey/index.html]
[artonthehill.org.uk/artists-2019/alex-maxwell/index.html]
[artonthehill.org.uk/artists-2019/alison-kjellstrom/index.html]
[artonthehill.org.uk/artists-2019/anna-findlay/index.html]
[artonthehill.org.uk/artists-2019/anna-harley/index.html]
[artonthehill.org.uk/artists-2019/andrew-brooks/index.html]
[artonthehill.org.uk/media/1455/emmajanerichardsbristol-balloons-1_1080xc174.jpg]
[artonthehill.org.uk/media/1546/img_1899be76.jpg]
[artonthehill.org.uk/artists-2019/emma-jane-richards/index.html]
[artonthehill.org.uk/artists-2019/benedict-mackay/index.html]
[artonthehill.org.uk/media/1578/lucycornish5803a654-b191-49ce-ab15-786b3c04020c283f.jpg]
[artonthehill.org.uk/artists-2019/lucy-cornish/index.html]
[artonthehill.org.uk/media/1499/brendadudddingtonthumbnail_dsc_63781919.jpg]
[artonthehill.org.uk/artists-2019/brenda-duddington/index.html]
[artonthehill.org.uk/media/1538/michaelturnerart-on-the-hill-bristol-drumsd13c.bmp]
[artonthehill.org.uk/artists-2019/michael-turner/index.html]
[artonthehill.org.uk/media/1595/sianhurstimg_6934d62f.jpg]
[artonthehill.org.uk/artists-2019/sian-hurst/index.html]
[artonthehill.org.uk/media/1586/caitrionatobind30efee8-cb2d-451c-99b1-5553a09e5fb06cb6.jpg]
[artonthehill.org.uk/artists-2019/caitriona-tobin/index.html]
[artonthehill.org.uk/media/1525/carltonbodkin4ffe4509-de68-4956-bb67-d72fc192b7614945.jpg]
[artonthehill.org.uk/artists-2019/carlton-bodkin/index.html]
[artonthehill.org.uk/media/1485/carriegoddarddsc_0037-3ae7d.jpg]
[artonthehill.org.uk/artists-2019/carrie-goddard/index.html]
[artonthehill.org.uk/media/1486/christineironsideimg_0043-21476.jpg]
[artonthehill.org.uk/artists-2019/christine-ironside/index.html]
[artonthehill.org.uk/media/1513/helenyoung5032165a-f1ce-4479-9fb5-395b3e6898eed9c6.jpg]
[artonthehill.org.uk/artists-2019/helen-young/index.html]
[artonthehill.org.uk/media/1566/danimayesc974e24a-ad9a-41a5-b082-ae0c083c30c5c6e9.jpg]
[artonthehill.org.uk/artists-2019/dani-mayes/index.html]
[artonthehill.org.uk/media/1577/dianaredfernmedium_onion_dome_db_redfern4dd6.jpg]
[artonthehill.org.uk/artists-2019/diana-redfern/index.html]
[artonthehill.org.uk/media/1516/derekadamsimg_1443e6ad.jpg]
[artonthehill.org.uk/artists-2019/derek-adams/index.html]
[artonthehill.org.uk/media/1554/elizawolfsonsalmonellas-world-no-textb0a2.jpg]
[artonthehill.org.uk/artists-2019/eliza-wolfson/index.html]
[artonthehill.org.uk/media/1535/emilycrumpimg_50705921.jpg]
[artonthehill.org.uk/artists-2019/emily-crump/index.html]
[artonthehill.org.uk/media/1512/emmastudd33428191_258295881403182_7861541308630827008_n58e0.jpg]
[artonthehill.org.uk/artists-2019/emma-studd/index.html]
[artonthehill.org.uk/media/1548/estebanigartua0378ef4b-42b4-48e8-975d-b94df1c413514633.jpg]
[artonthehill.org.uk/artists-2019/esteban-igartua/index.html]
[artonthehill.org.uk/media/1531/farrahfortnam6df4b413-a618-4957-ae1b-7bef4eec1340dcae.jpg]
[artonthehill.org.uk/media/1598/dscf84124fcc.jpg]
[artonthehill.org.uk/artists-2019/farrah-fortnam/index.html]
[artonthehill.org.uk/artists-2019/gill-hutchings/index.html]
[artonthehill.org.uk/media/1565/rachelfalberimg_20190507_150052bd67.jpg]
[artonthehill.org.uk/media/1556/helenperryfullsizeoutput_24ce45da.jpg]
[artonthehill.org.uk/artists-2019/rachel-falber/index.html]
[artonthehill.org.uk/media/1542/f5c97e56bad0a7c52c3e8b81727835ab6a95.jpg]
[artonthehill.org.uk/artists-2019/helen-perry/index.html]
[artonthehill.org.uk/artists-2019/jack-bruce/index.html]
[artonthehill.org.uk/media/1536/jeanwinterthree-trees-and-tord259.jpg]
[artonthehill.org.uk/artists-2019/jean-winter/index.html]
[artonthehill.org.uk/media/1576/jillyedwards3119c73a-a7fa-493d-815d-7ccf5e1707f1eabb.jpg]
[artonthehill.org.uk/artists-2019/jilly-edwards/index.html]
[artonthehill.org.uk/media/1523/jodiemarksjodiemarksproducts2019-3332c063.jpg]
[artonthehill.org.uk/artists-2019/jodie-marks/index.html]
[artonthehill.org.uk/media/1521/johnglynnskull-paint3440.jpg]
[artonthehill.org.uk/artists-2019/john-glynn/index.html]
[artonthehill.org.uk/media/1526/juliagreentwilight-art-on-the-hill4064.jpg]
[artonthehill.org.uk/artists-2019/julia-green/index.html]
[artonthehill.org.uk/media/1518/katepetersimg_20181029_140252_109da5f.jpg]
[artonthehill.org.uk/artists-2019/kate-peters/index.html]
[artonthehill.org.uk/media/1468/kathrynshorthouseimage2893.jpg]
[artonthehill.org.uk/artists-2019/kathryn-shorthouse/index.html]
[artonthehill.org.uk/media/1501/katiekeebleimg_20190426_155746_7913373.jpg]
[artonthehill.org.uk/artists-2019/katie-keeble/index.html]
[artonthehill.org.uk/media/1545/kesrobinsonwhce16.jpg]
[artonthehill.org.uk/artists-2019/kes-robinson/index.html]
[artonthehill.org.uk/media/1529/michellearayalatino-st-bites-full-bg-yellow5c4b.jpg]
[artonthehill.org.uk/artists-2019/michelle-araya/index.html]
[artonthehill.org.uk/media/1555/leahbromleyart-trails-photoea40.jpg]
[artonthehill.org.uk/artists-2019/leah-bromley/index.html]
[artonthehill.org.uk/media/1477/lisatraversstickers8894.jpg]
[artonthehill.org.uk/artists-2019/lisa-travers/index.html]
[artonthehill.org.uk/media/1584/lizwilliamsd3b07ce8-9ae1-4745-a628-d24e35c37e3d8c00.jpg]
[artonthehill.org.uk/artists-2019/liz-williams/index.html]
[artonthehill.org.uk/media/1503/lorrainejenniferwallaceimg_20190514_1615068583296.jpg]
[artonthehill.org.uk/artists-2019/lorraine-jennifer-wallace/index.html]
[artonthehill.org.uk/media/1453/lucyrobertsnuts0fd1.png]
[artonthehill.org.uk/artists-2019/lucy-roberts/index.html]
[artonthehill.org.uk/media/1448/mirandamacdonald20181122_123941feac.jpg]
[artonthehill.org.uk/media/1473/marymarch34-march-3d637.jpg]
[artonthehill.org.uk/artists-2019/miranda-macdonald/index.html]
[artonthehill.org.uk/artists-2019/mary-march/index.html]
[artonthehill.org.uk/media/1532/mattbentoncb84f292-c4b2-4e92-91b5-baf8062f642b6051.jpg]
[artonthehill.org.uk/artists-2019/matt-benton/index.html]
[artonthehill.org.uk/media/1543/michaelmccaldin04fb8779-2538-4f39-916e-8f10172c16756f5f.jpg]
[artonthehill.org.uk/artists-2019/michael-mccaldin/index.html]
[artonthehill.org.uk/media/1562/mindfulcraftimg_3277-15578.jpg]
[artonthehill.org.uk/artists-2019/mindful-craft/index.html]
[artonthehill.org.uk/media/1550/peterfordcf2812e1-0b52-4a51-a310-837bb1bdb7ecc05c.jpg]
[artonthehill.org.uk/artists-2019/peter-ford/index.html]
[artonthehill.org.uk/media/1583/olgaalexandruil_794xn1783342198_zewacadb.jpg]
[artonthehill.org.uk/artists-2019/olga-alexandru/index.html]
[artonthehill.org.uk/media/1551/dinalockerimg_01934db8.jpg]
[artonthehill.org.uk/artists-2019/dina-locker/index.html]
[artonthehill.org.uk/media/1524/philevansimg_31887254.jpg]
[artonthehill.org.uk/artists-2019/phil-evans/index.html]
[artonthehill.org.uk/media/1585/delphinebrierephipholle-image-500x500pxd0e7.jpg]
[artonthehill.org.uk/artists-2019/delphine-briere/index.html]
[artonthehill.org.uk/media/1530/phoebedarkphoebe-dark-illustration410c.png]
[artonthehill.org.uk/artists-2019/phoebe-dark/index.html]
[artonthehill.org.uk/media/1560/rachelhallimg_16842b24.jpg]
[artonthehill.org.uk/artists-2019/rachel-hall/index.html]
[artonthehill.org.uk/media/1459/wendygreenwood3ab4868b-f85d-4912-9af7-9bc4ac23c0a6734e.jpg]
[artonthehill.org.uk/artists-2019/wendy-greenwood/index.html]
[artonthehill.org.uk/media/1533/rosiebentonhutchingsimg_8095-28796328.jpg]
[artonthehill.org.uk/artists-2019/rosie-benton-hutchings/index.html]
[artonthehill.org.uk/media/1517/rosemarymeakinrosie-meakin-artonthehill461d.jpg]
[artonthehill.org.uk/artists-2019/rosemary-meakin/index.html]
[artonthehill.org.uk/media/1540/img_2845bec4.jpg]
[artonthehill.org.uk/artists-2019/sahra-tulloch/index.html]
[artonthehill.org.uk/media/1528/sandramooreimg-20181023-wa0002-1b401.jpg]
[artonthehill.org.uk/artists-2019/sandra-moore/index.html]
[artonthehill.org.uk/media/1463/sarahduncansterkur-webf463.jpg]
[artonthehill.org.uk/media/1507/seantaylorwinter-sleep-cover-3dddc.jpg]
[artonthehill.org.uk/artists-2019/sarah-duncan/index.html]
[artonthehill.org.uk/artists-2019/sean-taylor/index.html]
[artonthehill.org.uk/media/1547/christopherwilliamscraig02a9.jpg]
[artonthehill.org.uk/artists-2019/christopher-williams/index.html]
[artonthehill.org.uk/media/1515/sophiehumphriescatf59c.png]
[artonthehill.org.uk/artists-2019/sophie-humphries/index.html]
[artonthehill.org.uk/media/1592/sophielongraw-powerdfca.jpg]
[artonthehill.org.uk/artists-2019/sophie-long/index.html]
[artonthehill.org.uk/media/1519/sophieswindellsart-on-the-hill-thumbnailddf2.jpg]
[artonthehill.org.uk/media/1590/stmichaelallangelsworkshopsandrefreshmentsst-michael-and-all-angels-church-logo-and-name68c2.docx]
[artonthehill.org.uk/artists-2019/sophie-swindells/index.html]
[artonthehill.org.uk/artists-2019/st-michael-all-angels-workshops-and-refreshments/index.html]
[artonthehill.org.uk/media/1567/jennyclarkeimg_633421e8.jpg]
[artonthehill.org.uk/artists-2019/jenny-clarke/index.html]
[artonthehill.org.uk/media/1573/stephenmasondsc_2149-version-38988.jpg]
[artonthehill.org.uk/artists-2019/stephen-mason/index.html]
[artonthehill.org.uk/media/1452/tessmcdermott2017-02-24-10372043a1.jpg]
[artonthehill.org.uk/artists-2019/tess-mcdermott/index.html]
[artonthehill.org.uk/media/1520/jameslynchimg_027904ee.jpg]
[artonthehill.org.uk/artists-2019/james-lynch/index.html]
[artonthehill.org.uk/media/1527/tomlietzau118gl06_bath-1000pxa816.jpg]
[artonthehill.org.uk/artists-2019/tom-lietzau/index.html]
[artonthehill.org.uk/media/1510/evathyghojimg_2443c21a.jpg]
[artonthehill.org.uk/artists-2019/eva-thyghoj/index.html]
[artonthehill.org.uk/media/1484/yukikohosomi3ca8af89-8850-41a0-9046-4c71887c1c108e49.jpg]
[artonthehill.org.uk/artists-2019/yukiko-hosomi/index.html]
[artonthehill.org.uk/media/1564/tessafitzjohnimg_04595567.jpg]
[artonthehill.org.uk/artists-2019/tessa-fitzjohn/index.html]
[artonthehill.org.uk/media/1274/aniellereenwoodvlmsticker96c0.jpg]
[artonthehill.org.uk/artists-2019/danielle-greenwood/index.html]
[artonthehill.org.uk/artists-2019/index.html]
[artonthehill.org.uk/media/1465/wendabartlettleaping-haref06e.jpg]
[artonthehill.org.uk/workshops/index.html]
[artonthehill.org.uk/performers/index.html]
[artonthehill.org.uk/media/1420/windmill_instructions.pdf]
[artonthehill.org.uk/artists-2019/wenda-bartlett/index.html]
[artonthehill.org.uk/take-part/performers-preamble/index.html]
[artonthehill.org.uk/take-part/run-a-workshop/index.html]
[artonthehill.org.uk/media/1599/advice-for-participants-2019.pdf]
[artonthehill.org.uk/media/1597/2019-liability-notice.pdf]
[artonthehill.org.uk/media/1600/venuenumber-no-year.pdf]
[artonthehill.org.uk/media/1596/aoth-advert-2019-08-26.pdf]
[artonthehill.org.uk/exhibitors-resources/index.html]
[artonthehill.org.uk/take-part/index.html]
[artonthehill.org.uk/contact/index.html]
[artonthehill.org.uk/join-mailing-list/index.html]
[artonthehill.org.uk/faq/index.html]
[artonthehill.org.uk/privacy-policy/index.html]
[artonthehill.org.uk/take-part/register-as-a-venue/index.html]
[artonthehill.org.uk/media/1440/whcc.jpg]
[artonthehill.org.uk/venues-2019/windmill-hill-community-centre/index.html]
[artonthehill.org.uk/media/1441/641victoria-baptist-church-elim-2.jpg]
[artonthehill.org.uk/venues-2019/victoria-park-baptist-church/index.html]
[artonthehill.org.uk/venues-2019/victoria-park-pub/index.html]
[artonthehill.org.uk/venues-2019/victoria-park-primary-school/index.html]
[artonthehill.org.uk/venues-2019/st-mary-redcliffe-primary-school/index.html]
[artonthehill.org.uk/venues-2019/33-somerset-terrace/index.html]
[artonthehill.org.uk/venues-2019/66-fraser-street/index.html]
[artonthehill.org.uk/venues-2019/33-gwilliam-street/index.html]
[artonthehill.org.uk/venues-2019/22-nutgrove-avenue/index.html]
[artonthehill.org.uk/venues-2019/8-park-avenue/index.html]
[artonthehill.org.uk/venues-2019/63-hill-avenue/index.html]
[artonthehill.org.uk/venues-2019/30-stanbury-road/index.html]
[artonthehill.org.uk/venues-2019/47-eldon-terrace/index.html]
[artonthehill.org.uk/venues-2019/42-brendon-road/index.html]
[artonthehill.org.uk/venues-2019/62-hill-avenue/index.html]
[artonthehill.org.uk/venues-2019/11-quantock-road/index.html]
[artonthehill.org.uk/venues-2019/64-quantock-road/index.html]
[artonthehill.org.uk/venues-2019/12-park-avenue/index.html]
[artonthehill.org.uk/venues-2019/28-vivian-street/index.html]
[artonthehill.org.uk/venues-2019/8-mascot-road/index.html]
[artonthehill.org.uk/venues-2019/1-gwilliam-street/index.html]
[artonthehill.org.uk/venues-2019/9-nutgrove-avenue/index.html]
[artonthehill.org.uk/venues-2019/6-holmesdale-road/index.html]
[artonthehill.org.uk/venues-2019/24-gwilliam-street/index.html]
[artonthehill.org.uk/venues-2019/14-fraser-street/index.html]
[artonthehill.org.uk/venues-2019/the-rising-sun-pub/index.html]
[artonthehill.org.uk/venues-2019/49-nutgrove-avenue/index.html]
[artonthehill.org.uk/venues-2019/13-cotswold-road/index.html]
[artonthehill.org.uk/venues-2019/37-nutgrove-avenue/index.html]
[artonthehill.org.uk/venues-2019/15-quantock-road/index.html]
[artonthehill.org.uk/venues-2019/29-paultow-road/index.html]
[artonthehill.org.uk/venues-2019/28-quantock-road/index.html]
[artonthehill.org.uk/venues-2019/49-quantock-road/index.html]
[artonthehill.org.uk/venues-2019/26-almorah-road/index.html]
[artonthehill.org.uk/venues-2019/18-eldon-terrace/index.html]
[artonthehill.org.uk/venues-2019/15-addison-road/index.html]
[artonthehill.org.uk/venues-2019/3-paultow-avenue/index.html]
[artonthehill.org.uk/venues-2019/58-raymend-road/index.html]
[artonthehill.org.uk/venues-2019/39-gwilliam-street/index.html]
[artonthehill.org.uk/venues-2019/25-cotswold-road-north/index.html]
[artonthehill.org.uk/venues-2019/st-michael-and-all-angels-church/index.html]
[artonthehill.org.uk/venues-2019/victoria-park-near-kids-playpark/index.html]
[artonthehill.org.uk/archive/index.html]
[artonthehill.org.uk/artists-2019/abigail-vedoey/index.html]
[artonthehill.org.uk/media/1553/abigailvedygabriel9d0f.png]
[artonthehill.org.uk/artists-2019/alex-maxwell/index.html]
[artonthehill.org.uk/media/1539/alexmaxwell20190604_070829bf7b.jpg]
[artonthehill.org.uk/artists-2019/alison-kjellstrom/index.html]
[artonthehill.org.uk/media/1467/alisonkjellstromb6a57b7b-38ae-4455-882f-37f8234663c6919c.jpg]
[artonthehill.org.uk/media/1552/andrewbrookssound-installationa483.jpg]
[artonthehill.org.uk/artists-2019/andrew-brooks/index.html]
[artonthehill.org.uk/media/1462/annafindlay20160923_170644-1-2-1e718.jpg]
[artonthehill.org.uk/artists-2019/anna-findlay/index.html]
[artonthehill.org.uk/media/1534/annaharleyf4c435e9-811a-4527-b583-1354e7cd1dba9bd3.jpg]
[artonthehill.org.uk/artists-2019/anna-harley/index.html]
[artonthehill.org.uk/media/1455/emmajanerichardsbristol-balloons-1_1080xd987.jpg]
[artonthehill.org.uk/artists-2019/emma-jane-richards/index.html]
[artonthehill.org.uk/artists-2019/benedict-mackay/index.html]
[artonthehill.org.uk/artists-2019/lucy-cornish/index.html]
[artonthehill.org.uk/media/1578/lucycornish5803a654-b191-49ce-ab15-786b3c04020c1006.jpg]
[artonthehill.org.uk/media/1499/brendadudddingtonthumbnail_dsc_63784482.jpg]
[artonthehill.org.uk/artists-2019/brenda-duddington/index.html]
[artonthehill.org.uk/media/1538/michaelturnerart-on-the-hill-bristol-drumsf47a.bmp]
[artonthehill.org.uk/artists-2019/michael-turner/index.html]
[artonthehill.org.uk/media/1595/sianhurstimg_693488f0.jpg]
[artonthehill.org.uk/artists-2019/sian-hurst/index.html]
[artonthehill.org.uk/media/1586/caitrionatobind30efee8-cb2d-451c-99b1-5553a09e5fb05366.jpg]
[artonthehill.org.uk/artists-2019/caitriona-tobin/index.html]
[artonthehill.org.uk/media/1525/carltonbodkin4ffe4509-de68-4956-bb67-d72fc192b76189b6.jpg]
[artonthehill.org.uk/artists-2019/carlton-bodkin/index.html]
[artonthehill.org.uk/media/1485/carriegoddarddsc_0037-38d2d.jpg]
[artonthehill.org.uk/artists-2019/carrie-goddard/index.html]
[artonthehill.org.uk/media/1486/christineironsideimg_0043-24bb8.jpg]
[artonthehill.org.uk/artists-2019/christine-ironside/index.html]
[artonthehill.org.uk/media/1513/helenyoung5032165a-f1ce-4479-9fb5-395b3e6898eec6a1.jpg]
[artonthehill.org.uk/artists-2019/helen-young/index.html]
[artonthehill.org.uk/artists-2019/dani-mayes/index.html]
[artonthehill.org.uk/media/1566/danimayesc974e24a-ad9a-41a5-b082-ae0c083c30c5a954.jpg]
[artonthehill.org.uk/media/1577/dianaredfernmedium_onion_dome_db_redferna7c5.jpg]
[artonthehill.org.uk/artists-2019/diana-redfern/index.html]
[artonthehill.org.uk/media/1516/derekadamsimg_144335e1.jpg]
[artonthehill.org.uk/artists-2019/derek-adams/index.html]
[artonthehill.org.uk/media/1554/elizawolfsonsalmonellas-world-no-textcc45.jpg]
[artonthehill.org.uk/artists-2019/eliza-wolfson/index.html]
[artonthehill.org.uk/media/1535/emilycrumpimg_5070121f.jpg]
[artonthehill.org.uk/artists-2019/emily-crump/index.html]
[artonthehill.org.uk/media/1512/emmastudd33428191_258295881403182_7861541308630827008_n9331.jpg]
[artonthehill.org.uk/artists-2019/emma-studd/index.html]
[artonthehill.org.uk/artists-2019/esteban-igartua/index.html]
[artonthehill.org.uk/media/1548/estebanigartua0378ef4b-42b4-48e8-975d-b94df1c413514e0c.jpg]
[artonthehill.org.uk/media/1531/farrahfortnam6df4b413-a618-4957-ae1b-7bef4eec13406c53.jpg]
[artonthehill.org.uk/artists-2019/farrah-fortnam/index.html]
[artonthehill.org.uk/media/1598/dscf84123ef4.jpg]
[artonthehill.org.uk/artists-2019/gill-hutchings/index.html]
[artonthehill.org.uk/artists-2019/rachel-falber/index.html]
[artonthehill.org.uk/media/1565/rachelfalberimg_20190507_150052581f.jpg]
[artonthehill.org.uk/artists-2019/helen-perry/index.html]
[artonthehill.org.uk/media/1556/helenperryfullsizeoutput_24cef8e9.jpg]
[artonthehill.org.uk/media/1542/f5c97e56bad0a7c52c3e8b81727835abaf0c.jpg]
[artonthehill.org.uk/artists-2019/jack-bruce/index.html]
[artonthehill.org.uk/media/1536/jeanwinterthree-trees-and-tor9a9a.jpg]
[artonthehill.org.uk/artists-2019/jean-winter/index.html]
[artonthehill.org.uk/media/1576/jillyedwards3119c73a-a7fa-493d-815d-7ccf5e1707f1676a.jpg]
[artonthehill.org.uk/artists-2019/jilly-edwards/index.html]
[artonthehill.org.uk/artists-2019/jodie-marks/index.html]
[artonthehill.org.uk/media/1523/jodiemarksjodiemarksproducts2019-33326260.jpg]
[artonthehill.org.uk/artists-2019/john-glynn/index.html]
[artonthehill.org.uk/media/1521/johnglynnskull-paint3489.jpg]
[artonthehill.org.uk/media/1526/juliagreentwilight-art-on-the-hillb8e9.jpg]
[artonthehill.org.uk/artists-2019/julia-green/index.html]
[artonthehill.org.uk/artists-2019/kate-peters/index.html]
[artonthehill.org.uk/media/1518/katepetersimg_20181029_140252_1091780.jpg]
[artonthehill.org.uk/artists-2019/kathryn-shorthouse/index.html]
[artonthehill.org.uk/media/1468/kathrynshorthouseimage9c1e.jpg]
[artonthehill.org.uk/media/1501/katiekeebleimg_20190426_155746_791ea77.jpg]
[artonthehill.org.uk/artists-2019/katie-keeble/index.html]
[artonthehill.org.uk/artists-2019/kes-robinson/index.html]
[artonthehill.org.uk/media/1545/kesrobinsonwhba36.jpg]
[artonthehill.org.uk/media/1529/michellearayalatino-st-bites-full-bg-yellow6381.jpg]
[artonthehill.org.uk/artists-2019/michelle-araya/index.html]
[artonthehill.org.uk/media/1555/leahbromleyart-trails-photo2b99.jpg]
[artonthehill.org.uk/artists-2019/leah-bromley/index.html]
[artonthehill.org.uk/media/1477/lisatraversstickers99bf.jpg]
[artonthehill.org.uk/artists-2019/lisa-travers/index.html]
[artonthehill.org.uk/media/1584/lizwilliamsd3b07ce8-9ae1-4745-a628-d24e35c37e3d9634.jpg]
[artonthehill.org.uk/artists-2019/liz-williams/index.html]
[artonthehill.org.uk/media/1503/lorrainejenniferwallaceimg_20190514_161506858824a.jpg]
[artonthehill.org.uk/artists-2019/lorraine-jennifer-wallace/index.html]
[artonthehill.org.uk/media/1453/lucyrobertsnuts4e71.png]
[artonthehill.org.uk/artists-2019/lucy-roberts/index.html]
[artonthehill.org.uk/artists-2019/miranda-macdonald/index.html]
[artonthehill.org.uk/media/1448/mirandamacdonald20181122_1239415123.jpg]
[artonthehill.org.uk/media/1473/marymarch34-march-3cbb1.jpg]
[artonthehill.org.uk/artists-2019/mary-march/index.html]
[artonthehill.org.uk/media/1532/mattbentoncb84f292-c4b2-4e92-91b5-baf8062f642b5246.jpg]
[artonthehill.org.uk/artists-2019/matt-benton/index.html]
[artonthehill.org.uk/media/1543/michaelmccaldin04fb8779-2538-4f39-916e-8f10172c1675e6b3.jpg]
[artonthehill.org.uk/artists-2019/michael-mccaldin/index.html]
[artonthehill.org.uk/media/1562/mindfulcraftimg_3277-1b7aa.jpg]
[artonthehill.org.uk/artists-2019/mindful-craft/index.html]
[artonthehill.org.uk/artists-2019/peter-ford/index.html]
[artonthehill.org.uk/media/1550/peterfordcf2812e1-0b52-4a51-a310-837bb1bdb7ecff77.jpg]
[artonthehill.org.uk/media/1583/olgaalexandruil_794xn1783342198_zewaae77.jpg]
[artonthehill.org.uk/artists-2019/olga-alexandru/index.html]
[artonthehill.org.uk/media/1551/dinalockerimg_0193ab80.jpg]
[artonthehill.org.uk/artists-2019/dina-locker/index.html]
[artonthehill.org.uk/media/1524/philevansimg_31886c0c.jpg]
[artonthehill.org.uk/artists-2019/phil-evans/index.html]
[artonthehill.org.uk/media/1585/delphinebrierephipholle-image-500x500px16a2.jpg]
[artonthehill.org.uk/artists-2019/delphine-briere/index.html]
[artonthehill.org.uk/media/1530/phoebedarkphoebe-dark-illustration26a1.png]
[artonthehill.org.uk/artists-2019/phoebe-dark/index.html]
[artonthehill.org.uk/artists-2019/rachel-hall/index.html]
[artonthehill.org.uk/media/1560/rachelhallimg_1684c875.jpg]
[artonthehill.org.uk/media/1459/wendygreenwood3ab4868b-f85d-4912-9af7-9bc4ac23c0a6b51b.jpg]
[artonthehill.org.uk/artists-2019/wendy-greenwood/index.html]
[artonthehill.org.uk/media/1533/rosiebentonhutchingsimg_8095-28792c91.jpg]
[artonthehill.org.uk/artists-2019/rosie-benton-hutchings/index.html]
[artonthehill.org.uk/media/1517/rosemarymeakinrosie-meakin-artonthehill4726.jpg]
[artonthehill.org.uk/artists-2019/rosemary-meakin/index.html]
[artonthehill.org.uk/media/1540/img_2845129c.jpg]
[artonthehill.org.uk/artists-2019/sahra-tulloch/index.html]
[artonthehill.org.uk/media/1528/sandramooreimg-20181023-wa0002-1ceef.jpg]
[artonthehill.org.uk/artists-2019/sandra-moore/index.html]
[artonthehill.org.uk/artists-2019/sarah-duncan/index.html]
[artonthehill.org.uk/media/1463/sarahduncansterkur-webbec9.jpg]
[artonthehill.org.uk/artists-2019/sean-taylor/index.html]
[artonthehill.org.uk/media/1507/seantaylorwinter-sleep-cover-32e60.jpg]
[artonthehill.org.uk/media/1547/christopherwilliamscraigd9d8.jpg]
[artonthehill.org.uk/artists-2019/christopher-williams/index.html]
[artonthehill.org.uk/media/1515/sophiehumphriescatea68.png]
[artonthehill.org.uk/artists-2019/sophie-humphries/index.html]
[artonthehill.org.uk/media/1592/sophielongraw-power4122.jpg]
[artonthehill.org.uk/artists-2019/sophie-long/index.html]
[artonthehill.org.uk/media/1519/sophieswindellsart-on-the-hill-thumbnailc6f1.jpg]
[artonthehill.org.uk/artists-2019/sophie-swindells/index.html]
[artonthehill.org.uk/media/1590/stmichaelallangelsworkshopsandrefreshmentsst-michael-and-all-angels-church-logo-and-name7aa5.docx]
[artonthehill.org.uk/artists-2019/st-michael-all-angels-workshops-and-refreshments/index.html]
[artonthehill.org.uk/artists-2019/jenny-clarke/index.html]
[artonthehill.org.uk/media/1567/jennyclarkeimg_633448d8.jpg]
[artonthehill.org.uk/media/1573/stephenmasondsc_2149-version-3dc98.jpg]
[artonthehill.org.uk/artists-2019/stephen-mason/index.html]
[artonthehill.org.uk/media/1452/tessmcdermott2017-02-24-10372017a0.jpg]
[artonthehill.org.uk/artists-2019/tess-mcdermott/index.html]
[artonthehill.org.uk/media/1520/jameslynchimg_027922b2.jpg]
[artonthehill.org.uk/artists-2019/james-lynch/index.html]
[artonthehill.org.uk/media/1527/tomlietzau118gl06_bath-1000pxad9f.jpg]
[artonthehill.org.uk/artists-2019/tom-lietzau/index.html]
[artonthehill.org.uk/media/1510/evathyghojimg_2443138a.jpg]
[artonthehill.org.uk/artists-2019/eva-thyghoj/index.html]
[artonthehill.org.uk/artists-2019/yukiko-hosomi/index.html]
[artonthehill.org.uk/media/1484/yukikohosomi3ca8af89-8850-41a0-9046-4c71887c1c10c433.jpg]
[artonthehill.org.uk/artists-2019/tessa-fitzjohn/index.html]
[artonthehill.org.uk/media/1564/tessafitzjohnimg_0459c5cf.jpg]
[artonthehill.org.uk/artists-2019/danielle-greenwood/index.html]
[artonthehill.org.uk/media/1274/aniellereenwoodvlmstickerc250.jpg]
[artonthehill.org.uk/media/1465/wendabartlettleaping-hare2141.jpg]
[artonthehill.org.uk/artists-2019/wenda-bartlett/index.html]
[artonthehill.org.uk/take-part/run-a-workshop/index.html]
[artonthehill.org.uk/take-part/performers-preamble/index.html]
[artonthehill.org.uk/take-part/register-as-a-venue/index.html]
[artonthehill.org.uk/venues-2019/favicon.html]
[artonthehill.org.uk/artists-2019/favicon.html]
[artonthehill.org.uk/take-part/favicon.html]
[artonthehill.org.uk/take-part/performers-preamble/performer-advert/index.html]
